adity@raspberrypi:~ $ journalctl -b -1 -e
Specifying boot ID or boot offset has no effect, no persistent journal was found.
adity@raspberrypi:~ $ dmesg -wT
[Fri Apr 10 18:17:34 2026] Booting Linux on physical CPU 0x0000000000 [0x414fd0b1]
[Fri Apr 10 18:17:34 2026] Linux version 6.12.75+rpt-rpi-2712 (serge@raspberrypi.com) (aarch64-linux-gnu-gcc-14 (Debian 14.2.0-19) 14.2.0, GNU ld (GNU Binutils for Debian) 2.44) #1 SMP PREEMPT Debian 1:6.12.75-1+rpt1 (2026-03-11)
[Fri Apr 10 18:17:34 2026] KASLR enabled
[Fri Apr 10 18:17:34 2026] random: crng init done
[Fri Apr 10 18:17:34 2026] Machine model: Raspberry Pi 5 Model B Rev 1.1
[Fri Apr 10 18:17:34 2026] efi: UEFI not found.
[Fri Apr 10 18:17:34 2026] Reserved memory: created CMA memory pool at 0x000000003a000000, size 64 MiB
[Fri Apr 10 18:17:34 2026] OF: reserved mem: initialized node linux,cma, compatible id shared-dma-pool
[Fri Apr 10 18:17:34 2026] OF: reserved mem: 0x000000003a000000..0x000000003dffffff (65536 KiB) map reusable linux,cma
[Fri Apr 10 18:17:34 2026] OF: reserved mem: 0x0000000000000000..0x000000000007ffff (512 KiB) nomap non-reusable atf@0
[Fri Apr 10 18:17:34 2026] OF: reserved mem: 0x000000003fd16600..0x000000003fd1663d (0 KiB) nomap non-reusable nvram@0
[Fri Apr 10 18:17:34 2026] NUMA: Faking a node at [mem 0x0000000000000000-0x00000003ffffffff]
[Fri Apr 10 18:17:34 2026] Faking node 0 at [mem 0x0000000000000000-0x000000007fffffff] (2048MB)
[Fri Apr 10 18:17:34 2026] Faking node 1 at [mem 0x0000000080000000-0x00000000ffffffff] (2048MB)
[Fri Apr 10 18:17:34 2026] Faking node 2 at [mem 0x0000000100000000-0x000000017fffffff] (2048MB)
[Fri Apr 10 18:17:34 2026] Faking node 3 at [mem 0x0000000180000000-0x00000001ffffffff] (2048MB)
[Fri Apr 10 18:17:34 2026] Faking node 4 at [mem 0x0000000200000000-0x000000027fffffff] (2048MB)
[Fri Apr 10 18:17:34 2026] Faking node 5 at [mem 0x0000000280000000-0x00000002ffffffff] (2048MB)
[Fri Apr 10 18:17:34 2026] Faking node 6 at [mem 0x0000000300000000-0x000000037fffffff] (2048MB)
[Fri Apr 10 18:17:34 2026] Faking node 7 at [mem 0x0000000380000000-0x00000003ffffffff] (2048MB)
[Fri Apr 10 18:17:34 2026] NUMA: Initialized distance table, cnt=8
[Fri Apr 10 18:17:34 2026] NODE_DATA(0) allocated [mem 0x7fffd200-0x7fffffff]
[Fri Apr 10 18:17:34 2026] NODE_DATA(1) allocated [mem 0xffffd200-0xffffffff]
[Fri Apr 10 18:17:34 2026] NODE_DATA(2) allocated [mem 0x17fffd200-0x17fffffff]
[Fri Apr 10 18:17:34 2026] NODE_DATA(3) allocated [mem 0x1ffffd200-0x1ffffffff]
[Fri Apr 10 18:17:34 2026] NODE_DATA(4) allocated [mem 0x27fffd200-0x27fffffff]
[Fri Apr 10 18:17:34 2026] NODE_DATA(5) allocated [mem 0x2ffffd200-0x2ffffffff]
[Fri Apr 10 18:17:34 2026] NODE_DATA(6) allocated [mem 0x37fffd200-0x37fffffff]
[Fri Apr 10 18:17:34 2026] NODE_DATA(7) allocated [mem 0x3ff799200-0x3ff79bfff]
[Fri Apr 10 18:17:34 2026] Zone ranges:
[Fri Apr 10 18:17:34 2026]   DMA      [mem 0x0000000000000000-0x00000000ffffffff]
[Fri Apr 10 18:17:34 2026]   DMA32    empty
[Fri Apr 10 18:17:34 2026]   Normal   [mem 0x0000000100000000-0x00000003ffffffff]
[Fri Apr 10 18:17:34 2026] Movable zone start for each node
[Fri Apr 10 18:17:34 2026] Early memory node ranges
[Fri Apr 10 18:17:34 2026]   node   0: [mem 0x0000000000000000-0x000000000007ffff]
[Fri Apr 10 18:17:34 2026]   node   0: [mem 0x0000000000080000-0x000000003f7fffff]
[Fri Apr 10 18:17:34 2026]   node   0: [mem 0x0000000040000000-0x000000007fffffff]
[Fri Apr 10 18:17:34 2026]   node   1: [mem 0x0000000080000000-0x00000000ffffffff]
[Fri Apr 10 18:17:34 2026]   node   2: [mem 0x0000000100000000-0x000000017fffffff]
[Fri Apr 10 18:17:34 2026]   node   3: [mem 0x0000000180000000-0x00000001ffffffff]
[Fri Apr 10 18:17:34 2026]   node   4: [mem 0x0000000200000000-0x000000027fffffff]
[Fri Apr 10 18:17:34 2026]   node   5: [mem 0x0000000280000000-0x00000002ffffffff]
[Fri Apr 10 18:17:34 2026]   node   6: [mem 0x0000000300000000-0x000000037fffffff]
[Fri Apr 10 18:17:34 2026]   node   7: [mem 0x0000000380000000-0x00000003ffffffff]
[Fri Apr 10 18:17:34 2026] Initmem setup node 0 [mem 0x0000000000000000-0x000000007fffffff]
[Fri Apr 10 18:17:34 2026] Initmem setup node 1 [mem 0x0000000080000000-0x00000000ffffffff]
[Fri Apr 10 18:17:34 2026] Initmem setup node 2 [mem 0x0000000100000000-0x000000017fffffff]
[Fri Apr 10 18:17:34 2026] Initmem setup node 3 [mem 0x0000000180000000-0x00000001ffffffff]
[Fri Apr 10 18:17:34 2026] Initmem setup node 4 [mem 0x0000000200000000-0x000000027fffffff]
[Fri Apr 10 18:17:34 2026] Initmem setup node 5 [mem 0x0000000280000000-0x00000002ffffffff]
[Fri Apr 10 18:17:34 2026] Initmem setup node 6 [mem 0x0000000300000000-0x000000037fffffff]
[Fri Apr 10 18:17:34 2026] Initmem setup node 7 [mem 0x0000000380000000-0x00000003ffffffff]
[Fri Apr 10 18:17:34 2026] On node 0, zone DMA: 512 pages in unavailable ranges
[Fri Apr 10 18:17:34 2026] psci: probing for conduit method from DT.
[Fri Apr 10 18:17:34 2026] psci: PSCIv1.1 detected in firmware.
[Fri Apr 10 18:17:34 2026] psci: Using standard PSCI v0.2 function IDs
[Fri Apr 10 18:17:34 2026] psci: MIGRATE_INFO_TYPE not supported.
[Fri Apr 10 18:17:34 2026] psci: SMC Calling Convention v1.2
[Fri Apr 10 18:17:34 2026] percpu: Embedded 15 pages/cpu s193560 r8192 d44008 u245760
[Fri Apr 10 18:17:34 2026] pcpu-alloc: s193560 r8192 d44008 u245760 alloc=15*16384
[Fri Apr 10 18:17:34 2026] pcpu-alloc: [0] 0 [0] 1 [0] 2 [0] 3 
[Fri Apr 10 18:17:34 2026] Detected PIPT I-cache on CPU0
[Fri Apr 10 18:17:34 2026] CPU features: detected: Virtualization Host Extensions
[Fri Apr 10 18:17:34 2026] CPU features: detected: Spectre-v4
[Fri Apr 10 18:17:34 2026] CPU features: detected: Spectre-BHB
[Fri Apr 10 18:17:34 2026] CPU features: kernel page table isolation forced ON by KASLR
[Fri Apr 10 18:17:34 2026] CPU features: detected: Kernel page table isolation (KPTI)
[Fri Apr 10 18:17:34 2026] CPU features: detected: SSBS not fully self-synchronizing
[Fri Apr 10 18:17:34 2026] alternatives: applying boot alternatives
[Fri Apr 10 18:17:34 2026] Kernel command line: reboot=w coherent_pool=1M 8250.nr_uarts=1 pci=pcie_bus_safe cgroup_disable=memory numa_policy=interleave nvme.max_host_mem_size_mb=0  numa=fake=8 system_heap.max_order=0 smsc95xx.macaddr=88:A2:9E:3B:3E:3E vc_mem.mem_base=0x3fc00000 vc_mem.mem_size=0x40000000  console=tty1 root=PARTUUID=694385ac-02 rootfstype=ext4 fsck.repair=yes rootwait quiet splash plymouth.ignore-serial-consoles cfg80211.ieee80211_regdom=US
[Fri Apr 10 18:17:34 2026] cgroup: Disabling memory control group subsystem
[Fri Apr 10 18:17:34 2026] mempolicy: NUMA default policy overridden to 'interleave:0-7'
[Fri Apr 10 18:17:34 2026] Unknown kernel command line parameters "splash", will be passed to user space.
[Fri Apr 10 18:17:34 2026] Fallback order for Node 0: 0 1 2 3 4 5 6 7 
[Fri Apr 10 18:17:34 2026] Fallback order for Node 1: 1 2 3 4 5 6 7 0 
[Fri Apr 10 18:17:34 2026] Fallback order for Node 2: 2 3 4 5 6 7 0 1 
[Fri Apr 10 18:17:34 2026] Fallback order for Node 3: 3 4 5 6 7 0 1 2 
[Fri Apr 10 18:17:34 2026] Fallback order for Node 4: 4 5 6 7 0 1 2 3 
[Fri Apr 10 18:17:34 2026] Fallback order for Node 5: 5 6 7 0 1 2 3 4 
[Fri Apr 10 18:17:34 2026] Fallback order for Node 6: 6 7 0 1 2 3 4 5 
[Fri Apr 10 18:17:34 2026] Fallback order for Node 7: 7 0 1 2 3 4 5 6 
[Fri Apr 10 18:17:34 2026] Built 8 zonelists, mobility grouping on.  Total pages: 1048064
[Fri Apr 10 18:17:34 2026] Policy zone: Normal
[Fri Apr 10 18:17:34 2026] mem auto-init: stack:all(zero), heap alloc:off, heap free:off
[Fri Apr 10 18:17:34 2026] software IO TLB: area num 4.
[Fri Apr 10 18:17:34 2026] software IO TLB: mapped [mem 0x00000000fbffc000-0x00000000ffffc000] (64MB)
[Fri Apr 10 18:17:34 2026] SLUB: HWalign=64, Order=0-3, MinObjects=0, CPUs=4, Nodes=8
[Fri Apr 10 18:17:34 2026] ftrace: allocating 45326 entries in 45 pages
[Fri Apr 10 18:17:34 2026] ftrace: allocated 45 pages with 4 groups
[Fri Apr 10 18:17:34 2026] rcu: Preemptible hierarchical RCU implementation.
[Fri Apr 10 18:17:34 2026] rcu: 	RCU event tracing is enabled.
[Fri Apr 10 18:17:34 2026] 	Trampoline variant of Tasks RCU enabled.
[Fri Apr 10 18:17:34 2026] 	Rude variant of Tasks RCU enabled.
[Fri Apr 10 18:17:34 2026] 	Tracing variant of Tasks RCU enabled.
[Fri Apr 10 18:17:34 2026] rcu: RCU calculated value of scheduler-enlistment delay is 25 jiffies.
[Fri Apr 10 18:17:34 2026] RCU Tasks: Setting shift to 2 and lim to 1 rcu_task_cb_adjust=1 rcu_task_cpu_ids=4.
[Fri Apr 10 18:17:34 2026] RCU Tasks Rude: Setting shift to 2 and lim to 1 rcu_task_cb_adjust=1 rcu_task_cpu_ids=4.
[Fri Apr 10 18:17:34 2026] RCU Tasks Trace: Setting shift to 2 and lim to 1 rcu_task_cb_adjust=1 rcu_task_cpu_ids=4.
[Fri Apr 10 18:17:34 2026] NR_IRQS: 64, nr_irqs: 64, preallocated irqs: 0
[Fri Apr 10 18:17:34 2026] Root IRQ handler: gic_handle_irq
[Fri Apr 10 18:17:34 2026] GIC: Using split EOI/Deactivate mode
[Fri Apr 10 18:17:34 2026] rcu: srcu_init: Setting srcu_struct sizes based on contention.
[Fri Apr 10 18:17:34 2026] arch_timer: cp15 timer(s) running at 54.00MHz (phys).
[Fri Apr 10 18:17:34 2026] clocksource: arch_sys_counter: mask: 0xffffffffffffff max_cycles: 0xc743ce346, max_idle_ns: 440795203123 ns
[Fri Apr 10 18:17:34 2026] sched_clock: 56 bits at 54MHz, resolution 18ns, wraps every 4398046511102ns
[Fri Apr 10 18:17:34 2026] Console: colour dummy device 80x25
[Fri Apr 10 18:17:34 2026] printk: legacy console [tty1] enabled
[Fri Apr 10 18:17:34 2026] Calibrating delay loop (skipped), value calculated using timer frequency.. 108.00 BogoMIPS (lpj=216000)
[Fri Apr 10 18:17:34 2026] pid_max: default: 32768 minimum: 301
[Fri Apr 10 18:17:34 2026] LSM: initializing lsm=capability
[Fri Apr 10 18:17:34 2026] Dentry cache hash table entries: 2097152 (order: 10, 16777216 bytes, vmalloc)
[Fri Apr 10 18:17:34 2026] Inode-cache hash table entries: 1048576 (order: 9, 8388608 bytes, vmalloc)
[Fri Apr 10 18:17:34 2026] Mount-cache hash table entries: 32768 (order: 4, 262144 bytes, vmalloc)
[Fri Apr 10 18:17:34 2026] Mountpoint-cache hash table entries: 32768 (order: 4, 262144 bytes, vmalloc)
[Fri Apr 10 18:17:34 2026] rcu: Hierarchical SRCU implementation.
[Fri Apr 10 18:17:34 2026] rcu: 	Max phase no-delay instances is 1000.
[Fri Apr 10 18:17:34 2026] Timer migration: 1 hierarchy levels; 8 children per group; 0 crossnode level
[Fri Apr 10 18:17:34 2026] EFI services will not be available.
[Fri Apr 10 18:17:34 2026] smp: Bringing up secondary CPUs ...
[Fri Apr 10 18:17:34 2026] Detected PIPT I-cache on CPU1
[Fri Apr 10 18:17:34 2026] CPU1: Booted secondary processor 0x0000000100 [0x414fd0b1]
[Fri Apr 10 18:17:34 2026] Detected PIPT I-cache on CPU2
[Fri Apr 10 18:17:34 2026] CPU2: Booted secondary processor 0x0000000200 [0x414fd0b1]
[Fri Apr 10 18:17:34 2026] Detected PIPT I-cache on CPU3
[Fri Apr 10 18:17:34 2026] CPU3: Booted secondary processor 0x0000000300 [0x414fd0b1]
[Fri Apr 10 18:17:34 2026] smp: Brought up 8 nodes, 4 CPUs
[Fri Apr 10 18:17:34 2026] SMP: Total of 4 processors activated.
[Fri Apr 10 18:17:34 2026] CPU: All CPU(s) started at EL2
[Fri Apr 10 18:17:34 2026] CPU features: detected: 32-bit EL0 Support
[Fri Apr 10 18:17:34 2026] CPU features: detected: Data cache clean to the PoU not required for I/D coherence
[Fri Apr 10 18:17:34 2026] CPU features: detected: Common not Private translations
[Fri Apr 10 18:17:34 2026] CPU features: detected: CRC32 instructions
[Fri Apr 10 18:17:34 2026] CPU features: detected: RCpc load-acquire (LDAPR)
[Fri Apr 10 18:17:34 2026] CPU features: detected: LSE atomic instructions
[Fri Apr 10 18:17:34 2026] CPU features: detected: Privileged Access Never
[Fri Apr 10 18:17:34 2026] CPU features: detected: RAS Extension Support
[Fri Apr 10 18:17:34 2026] CPU features: detected: Speculative Store Bypassing Safe (SSBS)
[Fri Apr 10 18:17:34 2026] alternatives: applying system-wide alternatives
[Fri Apr 10 18:17:34 2026] CPU features: detected: Hardware dirty bit management on CPU0-3
[Fri Apr 10 18:17:34 2026] Memory: 16464864K/16769024K available (14336K kernel code, 2432K rwdata, 4944K rodata, 2304K init, 647K bss, 185216K reserved, 65536K cma-reserved)
[Fri Apr 10 18:17:34 2026] devtmpfs: initialized
[Fri Apr 10 18:17:34 2026] Enabled cp15_barrier support
[Fri Apr 10 18:17:34 2026] Enabled setend support
[Fri Apr 10 18:17:34 2026] clocksource: jiffies: mask: 0xffffffff max_cycles: 0xffffffff, max_idle_ns: 7645041785100000 ns
[Fri Apr 10 18:17:34 2026] futex hash table entries: 1024 (order: 2, 65536 bytes, vmalloc)
[Fri Apr 10 18:17:34 2026] 2G module region forced by RANDOMIZE_MODULE_REGION_FULL
[Fri Apr 10 18:17:34 2026] 0 pages in range for non-PLT usage
[Fri Apr 10 18:17:34 2026] 129508 pages in range for PLT usage
[Fri Apr 10 18:17:34 2026] pinctrl core: initialized pinctrl subsystem
[Fri Apr 10 18:17:34 2026] DMI not present or invalid.
[Fri Apr 10 18:17:34 2026] NET: Registered PF_NETLINK/PF_ROUTE protocol family
[Fri Apr 10 18:17:34 2026] DMA: preallocated 1024 KiB GFP_KERNEL pool for atomic allocations
[Fri Apr 10 18:17:34 2026] DMA: preallocated 1024 KiB GFP_KERNEL|GFP_DMA pool for atomic allocations
[Fri Apr 10 18:17:34 2026] DMA: preallocated 1024 KiB GFP_KERNEL|GFP_DMA32 pool for atomic allocations
[Fri Apr 10 18:17:34 2026] audit: initializing netlink subsys (disabled)
[Fri Apr 10 18:17:34 2026] audit: type=2000 audit(0.012:1): state=initialized audit_enabled=0 res=1
[Fri Apr 10 18:17:34 2026] thermal_sys: Registered thermal governor 'step_wise'
[Fri Apr 10 18:17:34 2026] cpuidle: using governor menu
[Fri Apr 10 18:17:34 2026] hw-breakpoint: found 6 breakpoint and 4 watchpoint registers.
[Fri Apr 10 18:17:34 2026] ASID allocator initialised with 32768 entries
[Fri Apr 10 18:17:34 2026] Serial: AMBA PL011 UART driver
[Fri Apr 10 18:17:34 2026] /soc@107c000000/interrupt-controller@7fff9000: Fixed dependency cycle(s) with /soc@107c000000/interrupt-controller@7fff9000
[Fri Apr 10 18:17:34 2026] bcm2835-mbox 107c013880.mailbox: mailbox enabled
[Fri Apr 10 18:17:34 2026] 107d001000.serial: ttyAMA10 at MMIO 0x107d001000 (irq = 16, base_baud = 0) is a PL011 AXI
[Fri Apr 10 18:17:34 2026] raspberrypi-firmware soc@107c000000:firmware: Attached to firmware from 2025-06-13T09:39:26, variant start_cd
[Fri Apr 10 18:17:34 2026] raspberrypi-firmware soc@107c000000:firmware: Firmware hash is 5855b10b00000000000000000000000000000000
[Fri Apr 10 18:17:34 2026] /axi/pcie@1000120000/rp1/i2c@80000/imx500@1a: Fixed dependency cycle(s) with /axi/pcie@1000120000/rp1/csi@128000
[Fri Apr 10 18:17:34 2026] /axi/pcie@1000120000/rp1/csi@128000: Fixed dependency cycle(s) with /axi/pcie@1000120000/rp1/i2c@80000/imx500@1a
[Fri Apr 10 18:17:34 2026] /axi/pcie@1000120000/rp1/i2c@80000/imx500@1a: Fixed dependency cycle(s) with /axi/pcie@1000120000/rp1/csi@128000
[Fri Apr 10 18:17:34 2026] /axi/pcie@1000120000/rp1/csi@128000: Fixed dependency cycle(s) with /axi/pcie@1000120000/rp1/i2c@80000/imx500@1a
[Fri Apr 10 18:17:34 2026] bcm2835-dma 1000010000.dma: DMA legacy API manager, dmachans=0x1
[Fri Apr 10 18:17:34 2026] iommu: Default domain type: Translated
[Fri Apr 10 18:17:34 2026] iommu: DMA domain TLB invalidation policy: strict mode
[Fri Apr 10 18:17:34 2026] SCSI subsystem initialized
[Fri Apr 10 18:17:34 2026] usbcore: registered new interface driver usbfs
[Fri Apr 10 18:17:34 2026] usbcore: registered new interface driver hub
[Fri Apr 10 18:17:34 2026] usbcore: registered new device driver usb
[Fri Apr 10 18:17:34 2026] pps_core: LinuxPPS API ver. 1 registered
[Fri Apr 10 18:17:34 2026] pps_core: Software ver. 5.3.6 - Copyright 2005-2007 Rodolfo Giometti <giometti@linux.it>
[Fri Apr 10 18:17:34 2026] PTP clock support registered
[Fri Apr 10 18:17:34 2026] vgaarb: loaded
[Fri Apr 10 18:17:34 2026] clocksource: Switched to clocksource arch_sys_counter
[Fri Apr 10 18:17:34 2026] VFS: Disk quotas dquot_6.6.0
[Fri Apr 10 18:17:34 2026] VFS: Dquot-cache hash table entries: 2048 (order 0, 16384 bytes)
[Fri Apr 10 18:17:34 2026] NET: Registered PF_INET protocol family
[Fri Apr 10 18:17:34 2026] IP idents hash table entries: 262144 (order: 7, 2097152 bytes, vmalloc)
[Fri Apr 10 18:17:34 2026] tcp_listen_portaddr_hash hash table entries: 8192 (order: 3, 131072 bytes, vmalloc)
[Fri Apr 10 18:17:34 2026] Table-perturb hash table entries: 65536 (order: 4, 262144 bytes, vmalloc)
[Fri Apr 10 18:17:34 2026] TCP established hash table entries: 131072 (order: 6, 1048576 bytes, vmalloc)
[Fri Apr 10 18:17:34 2026] TCP bind hash table entries: 65536 (order: 7, 2097152 bytes, vmalloc)
[Fri Apr 10 18:17:34 2026] TCP: Hash tables configured (established 131072 bind 65536)
[Fri Apr 10 18:17:34 2026] MPTCP token hash table entries: 16384 (order: 5, 393216 bytes, vmalloc)
[Fri Apr 10 18:17:34 2026] UDP hash table entries: 8192 (order: 4, 262144 bytes, vmalloc)
[Fri Apr 10 18:17:34 2026] UDP-Lite hash table entries: 8192 (order: 4, 262144 bytes, vmalloc)
[Fri Apr 10 18:17:34 2026] NET: Registered PF_UNIX/PF_LOCAL protocol family
[Fri Apr 10 18:17:34 2026] RPC: Registered named UNIX socket transport module.
[Fri Apr 10 18:17:34 2026] RPC: Registered udp transport module.
[Fri Apr 10 18:17:34 2026] RPC: Registered tcp transport module.
[Fri Apr 10 18:17:34 2026] RPC: Registered tcp-with-tls transport module.
[Fri Apr 10 18:17:34 2026] RPC: Registered tcp NFSv4.1 backchannel transport module.
[Fri Apr 10 18:17:34 2026] PCI: CLS 0 bytes, default 64
[Fri Apr 10 18:17:34 2026] Trying to unpack rootfs image as initramfs...
[Fri Apr 10 18:17:34 2026] kvm [1]: nv: 554 coarse grained trap handlers
[Fri Apr 10 18:17:34 2026] kvm [1]: IPA Size Limit: 40 bits
[Fri Apr 10 18:17:34 2026] kvm [1]: GICV region size/alignment is unsafe, using trapping (reduced performance)
[Fri Apr 10 18:17:34 2026] kvm [1]: vgic interrupt IRQ9
[Fri Apr 10 18:17:34 2026] kvm [1]: VHE mode initialized successfully
[Fri Apr 10 18:17:34 2026] Initialise system trusted keyrings
[Fri Apr 10 18:17:34 2026] workingset: timestamp_bits=42 max_order=20 bucket_order=0
[Fri Apr 10 18:17:34 2026] NFS: Registering the id_resolver key type
[Fri Apr 10 18:17:34 2026] Key type id_resolver registered
[Fri Apr 10 18:17:34 2026] Key type id_legacy registered
[Fri Apr 10 18:17:34 2026] nfs4filelayout_init: NFSv4 File Layout Driver Registering...
[Fri Apr 10 18:17:34 2026] nfs4flexfilelayout_init: NFSv4 Flexfile Layout Driver Registering...
[Fri Apr 10 18:17:34 2026] Key type asymmetric registered
[Fri Apr 10 18:17:34 2026] Asymmetric key parser 'x509' registered
[Fri Apr 10 18:17:34 2026] Block layer SCSI generic (bsg) driver version 0.4 loaded (major 247)
[Fri Apr 10 18:17:34 2026] io scheduler mq-deadline registered
[Fri Apr 10 18:17:34 2026] io scheduler kyber registered
[Fri Apr 10 18:17:34 2026] io scheduler bfq registered
[Fri Apr 10 18:17:34 2026] irq_brcmstb_l2: registered L2 intc (/soc@107c000000/interrupt-controller@7d510600, parent irq: 27)
[Fri Apr 10 18:17:34 2026] irq_brcmstb_l2: registered L2 intc (/soc@107c000000/interrupt-controller@7c502000, parent irq: 28)
[Fri Apr 10 18:17:34 2026] irq_brcmstb_l2: registered L2 intc (/soc@107c000000/intc@7d508380, parent irq: 29)
[Fri Apr 10 18:17:34 2026] irq_brcmstb_l2: registered L2 intc (/soc@107c000000/intc@7d508400, parent irq: 30)
[Fri Apr 10 18:17:34 2026] irq_brcmstb_l2: registered L2 intc (/soc@107c000000/intc@7d503000, parent irq: 31)
[Fri Apr 10 18:17:34 2026] ledtrig-cpu: registered to indicate activity on CPUs
[Fri Apr 10 18:17:34 2026] Freeing initrd memory: 17952K
[Fri Apr 10 18:17:34 2026] simple-framebuffer 3f800000.framebuffer: framebuffer at 0x3f800000, 0x3f4800 bytes
[Fri Apr 10 18:17:34 2026] simple-framebuffer 3f800000.framebuffer: format=r5g6b5, mode=1920x1080x16, linelength=3840
[Fri Apr 10 18:17:34 2026] Console: switching to colour frame buffer device 240x67
[Fri Apr 10 18:17:34 2026] simple-framebuffer 3f800000.framebuffer: fb0: simplefb registered!
[Fri Apr 10 18:17:34 2026] Serial: 8250/16550 driver, 1 ports, IRQ sharing enabled
[Fri Apr 10 18:17:34 2026] 107d50c000.serial: ttyS0 at MMIO 0x107d50c000 (irq = 33, base_baud = 6000000) is a Broadcom BCM7271 UART
[Fri Apr 10 18:17:34 2026] serial serial0: tty port ttyS0 registered
[Fri Apr 10 18:17:34 2026] iproc-rng200 107d208000.rng: hwrng registered
[Fri Apr 10 18:17:34 2026] vc-mem: phys_addr:0x00000000 mem_base=0x3fc00000 mem_size:0x40000000(1024 MiB)
[Fri Apr 10 18:17:34 2026] bcm2712-iommu-cache 1000005b00.iommuc: bcm2712_iommu_cache_probe
[Fri Apr 10 18:17:34 2026] brd: module loaded
[Fri Apr 10 18:17:34 2026] loop: module loaded
[Fri Apr 10 18:17:34 2026] bcm2835-power bcm2835-power: Broadcom BCM2835 power domains driver
[Fri Apr 10 18:17:34 2026] Loading iSCSI transport class v2.0-870.
[Fri Apr 10 18:17:34 2026] usbcore: registered new interface driver lan78xx
[Fri Apr 10 18:17:34 2026] usbcore: registered new interface driver smsc95xx
[Fri Apr 10 18:17:34 2026] dwc_otg: version 3.00a 10-AUG-2012 (platform bus)
[Fri Apr 10 18:17:34 2026] dwc_otg: FIQ enabled
[Fri Apr 10 18:17:34 2026] dwc_otg: NAK holdoff enabled
[Fri Apr 10 18:17:34 2026] dwc_otg: FIQ split-transaction FSM enabled
[Fri Apr 10 18:17:34 2026] Module dwc_common_port init
[Fri Apr 10 18:17:34 2026] usbcore: registered new interface driver uas
[Fri Apr 10 18:17:34 2026] usbcore: registered new interface driver usb-storage
[Fri Apr 10 18:17:34 2026] mousedev: PS/2 mouse device common for all mice
[Fri Apr 10 18:17:34 2026] rpi-rtc soc@107c000000:rpi_rtc: registered as rtc0
[Fri Apr 10 18:17:34 2026] rpi-rtc soc@107c000000:rpi_rtc: setting system clock to 1970-01-01T00:00:18 UTC (18)
[Fri Apr 10 18:17:34 2026] bcm2835-wdt bcm2835-wdt: Poweroff handler already present!
[Fri Apr 10 18:17:34 2026] bcm2835-wdt bcm2835-wdt: Broadcom BCM2835 watchdog timer
[Fri Apr 10 18:17:34 2026] sdhci: Secure Digital Host Controller Interface driver
[Fri Apr 10 18:17:34 2026] sdhci: Copyright(c) Pierre Ossman
[Fri Apr 10 18:17:34 2026] sdhci-pltfm: SDHCI platform and OF driver helper
[Fri Apr 10 18:17:34 2026] SMCCC: SOC_ID: ARCH_SOC_ID not implemented, skipping ....
[Fri Apr 10 18:17:34 2026] hid: raw HID events driver (C) Jiri Kosina
[Fri Apr 10 18:17:34 2026] usbcore: registered new interface driver usbhid
[Fri Apr 10 18:17:34 2026] usbhid: USB HID core driver
[Fri Apr 10 18:17:34 2026] hw perfevents: enabled with armv8_cortex_a76 PMU driver, 7 (0,8000003f) counters available
[Fri Apr 10 18:17:34 2026] NET: Registered PF_PACKET protocol family
[Fri Apr 10 18:17:34 2026] Key type dns_resolver registered
[Fri Apr 10 18:17:34 2026] registered taskstats version 1
[Fri Apr 10 18:17:34 2026] Loading compiled-in X.509 certificates
[Fri Apr 10 18:17:34 2026] Demotion targets for Node 0: null
[Fri Apr 10 18:17:34 2026] Demotion targets for Node 1: null
[Fri Apr 10 18:17:34 2026] Demotion targets for Node 2: null
[Fri Apr 10 18:17:34 2026] Demotion targets for Node 3: null
[Fri Apr 10 18:17:34 2026] Demotion targets for Node 4: null
[Fri Apr 10 18:17:34 2026] Demotion targets for Node 5: null
[Fri Apr 10 18:17:34 2026] Demotion targets for Node 6: null
[Fri Apr 10 18:17:34 2026] Demotion targets for Node 7: null
[Fri Apr 10 18:17:34 2026] Key type .fscrypt registered
[Fri Apr 10 18:17:34 2026] Key type fscrypt-provisioning registered
[Fri Apr 10 18:17:34 2026] brcm-pcie 1000120000.pcie: host bridge /axi/pcie@1000120000 ranges:
[Fri Apr 10 18:17:34 2026] brcm-pcie 1000120000.pcie:   No bus range found for /axi/pcie@1000120000, using [bus 00-ff]
[Fri Apr 10 18:17:34 2026] brcm-pcie 1000120000.pcie:      MEM 0x1f00000000..0x1ffffffffb -> 0x0000000000
[Fri Apr 10 18:17:34 2026] brcm-pcie 1000120000.pcie:      MEM 0x1c00000000..0x1effffffff -> 0x0400000000
[Fri Apr 10 18:17:34 2026] brcm-pcie 1000120000.pcie:   IB MEM 0x1f00000000..0x1f003fffff -> 0x0000000000
[Fri Apr 10 18:17:34 2026] brcm-pcie 1000120000.pcie:   IB MEM 0x0000000000..0x0fffffffff -> 0x1000000000
[Fri Apr 10 18:17:34 2026] brcm-pcie 1000120000.pcie:   IB MEM 0x1000130000..0x1000130fff -> 0xfffffff000
[Fri Apr 10 18:17:34 2026] brcm-pcie 1000120000.pcie: PCI host bridge to bus 0002:00
[Fri Apr 10 18:17:34 2026] pci_bus 0002:00: root bus resource [bus 00-ff]
[Fri Apr 10 18:17:34 2026] pci_bus 0002:00: root bus resource [mem 0x1f00000000-0x1ffffffffb] (bus address [0x00000000-0xfffffffb])
[Fri Apr 10 18:17:34 2026] pci_bus 0002:00: root bus resource [mem 0x1c00000000-0x1effffffff pref] (bus address [0x400000000-0x6ffffffff])
[Fri Apr 10 18:17:34 2026] pci 0002:00:00.0: [14e4:2712] type 01 class 0x060400 PCIe Root Port
[Fri Apr 10 18:17:34 2026] pci 0002:00:00.0: PCI bridge to [bus 00]
[Fri Apr 10 18:17:34 2026] pci 0002:00:00.0:   bridge window [mem 0x1f80000000-0x1fbfffffff]
[Fri Apr 10 18:17:34 2026] pci 0002:00:00.0: PME# supported from D0 D3hot
[Fri Apr 10 18:17:34 2026] pci 0002:00:00.0: bridge configuration invalid ([bus 00-00]), reconfiguring
[Fri Apr 10 18:17:34 2026] brcm-pcie 1000120000.pcie: clkreq-mode set to default
[Fri Apr 10 18:17:34 2026] brcm-pcie 1000120000.pcie: link up, 5.0 GT/s PCIe x4 (!SSC)
[Fri Apr 10 18:17:34 2026] pci 0002:01:00.0: [1de4:0001] type 00 class 0x020000 PCIe Endpoint
[Fri Apr 10 18:17:34 2026] pci 0002:01:00.0: BAR 0 [mem 0xffffc000-0xffffffff]
[Fri Apr 10 18:17:34 2026] pci 0002:01:00.0: BAR 1 [mem 0xffc00000-0xffffffff]
[Fri Apr 10 18:17:34 2026] pci 0002:01:00.0: BAR 2 [mem 0xffff0000-0xffffffff]
[Fri Apr 10 18:17:34 2026] pci 0002:01:00.0: supports D1
[Fri Apr 10 18:17:34 2026] pci 0002:01:00.0: PME# supported from D0 D1 D3hot D3cold
[Fri Apr 10 18:17:34 2026] pci_bus 0002:01: busn_res: [bus 01-ff] end is updated to 01
[Fri Apr 10 18:17:34 2026] pci 0002:00:00.0: bridge window [mem 0x1f00000000-0x1f005fffff]: assigned
[Fri Apr 10 18:17:34 2026] pci 0002:01:00.0: BAR 1 [mem 0x1f00000000-0x1f003fffff]: assigned
[Fri Apr 10 18:17:34 2026] pci 0002:01:00.0: BAR 2 [mem 0x1f00400000-0x1f0040ffff]: assigned
[Fri Apr 10 18:17:34 2026] pci 0002:01:00.0: BAR 0 [mem 0x1f00410000-0x1f00413fff]: assigned
[Fri Apr 10 18:17:34 2026] pci 0002:00:00.0: PCI bridge to [bus 01]
[Fri Apr 10 18:17:34 2026] pci 0002:00:00.0:   bridge window [mem 0x1f00000000-0x1f005fffff]
[Fri Apr 10 18:17:34 2026] pci_bus 0002:00: resource 4 [mem 0x1f00000000-0x1ffffffffb]
[Fri Apr 10 18:17:34 2026] pci_bus 0002:00: resource 5 [mem 0x1c00000000-0x1effffffff pref]
[Fri Apr 10 18:17:34 2026] pci_bus 0002:01: resource 1 [mem 0x1f00000000-0x1f005fffff]
[Fri Apr 10 18:17:34 2026] pci 0002:00:00.0: Max Payload Size set to  256/ 512 (was  128), Max Read Rq  512
[Fri Apr 10 18:17:34 2026] pci 0002:01:00.0: Max Payload Size set to  256/ 256 (was  128), Max Read Rq  512
[Fri Apr 10 18:17:34 2026] pcieport 0002:00:00.0: enabling device (0000 -> 0002)
[Fri Apr 10 18:17:34 2026] pcieport 0002:00:00.0: PME: Signaling with IRQ 38
[Fri Apr 10 18:17:34 2026] pcieport 0002:00:00.0: AER: enabled with IRQ 38
[Fri Apr 10 18:17:34 2026] rp1 0002:01:00.0: bar0 len 0x4000, start 0x1f00410000, end 0x1f00413fff, flags, 0x40200
[Fri Apr 10 18:17:34 2026] rp1 0002:01:00.0: bar1 len 0x400000, start 0x1f00000000, end 0x1f003fffff, flags, 0x40200
[Fri Apr 10 18:17:34 2026] rp1 0002:01:00.0: enabling device (0000 -> 0002)
[Fri Apr 10 18:17:34 2026] rp1 0002:01:00.0: chip_id 0x20001927
[Fri Apr 10 18:17:34 2026] /axi/pcie@1000120000/rp1/i2c@80000/imx500@1a: Fixed dependency cycle(s) with /axi/pcie@1000120000/rp1/csi@128000
[Fri Apr 10 18:17:34 2026] /axi/pcie@1000120000/rp1/i2c@80000/imx500@1a: Fixed dependency cycle(s) with /axi/pcie@1000120000/rp1/csi@128000
[Fri Apr 10 18:17:34 2026] /axi/pcie@1000120000/rp1/csi@128000: Fixed dependency cycle(s) with /axi/pcie@1000120000/rp1/i2c@80000/imx500@1a
[Fri Apr 10 18:17:34 2026] bcm2712-iommu 1000005100.iommu: IOVA aperture 0xa00000000..0xb00000000 including DMA offset 0x0
[Fri Apr 10 18:17:34 2026] bcm2712-iommu 1000005100.iommu: bcm2712_iommu_init: DEBUG_INFO = 0x20804774
[Fri Apr 10 18:17:34 2026] bcm2712-iommu 1000005200.iommu: IOVA aperture 0xa00000000..0xa80000000 including DMA offset 0x0
[Fri Apr 10 18:17:34 2026] bcm2712-iommu 1000005200.iommu: bcm2712_iommu_init: DEBUG_INFO = 0x20804774
[Fri Apr 10 18:17:34 2026] bcm2712-iommu 1000005280.iommu: IOVA aperture 0x1a00000000..0x1a80000000 including DMA offset 0x1000000000
[Fri Apr 10 18:17:34 2026] bcm2712-iommu 1000005280.iommu: bcm2712_iommu_init: DEBUG_INFO = 0x20804774
[Fri Apr 10 18:17:34 2026] sdhci-brcmstb 1000fff000.mmc: Got CD GPIO
[Fri Apr 10 18:17:34 2026] mmc0: CQHCI version 5.10
[Fri Apr 10 18:17:34 2026] genirq: irq_chip rp1_irq_chip did not update eff. affinity mask of irq 100
[Fri Apr 10 18:17:34 2026] mmc1: CQHCI version 5.10
[Fri Apr 10 18:17:34 2026] macb 1f00100000.ethernet eth0: Cadence GEM rev 0x00070109 at 0x1f00100000 irq 106 (88:a2:9e:3b:3e:3e)
[Fri Apr 10 18:17:34 2026] dw_axi_dmac_platform 1f00188000.dma: DesignWare AXI DMA Controller, 8 channels
[Fri Apr 10 18:17:34 2026] xhci-hcd xhci-hcd.0: xHCI Host Controller
[Fri Apr 10 18:17:34 2026] xhci-hcd xhci-hcd.0: new USB bus registered, assigned bus number 1
[Fri Apr 10 18:17:34 2026] xhci-hcd xhci-hcd.0: hcc params 0x0240fe6d hci version 0x110 quirks 0x0000808000000810
[Fri Apr 10 18:17:34 2026] xhci-hcd xhci-hcd.0: irq 131, io mem 0x1f00200000
[Fri Apr 10 18:17:34 2026] xhci-hcd xhci-hcd.0: xHCI Host Controller
[Fri Apr 10 18:17:34 2026] xhci-hcd xhci-hcd.0: new USB bus registered, assigned bus number 2
[Fri Apr 10 18:17:34 2026] xhci-hcd xhci-hcd.0: Host supports USB 3.0 SuperSpeed
[Fri Apr 10 18:17:34 2026] usb usb1: New USB device found, idVendor=1d6b, idProduct=0002, bcdDevice= 6.12
[Fri Apr 10 18:17:34 2026] usb usb1: New USB device strings: Mfr=3, Product=2, SerialNumber=1
[Fri Apr 10 18:17:34 2026] usb usb1: Product: xHCI Host Controller
[Fri Apr 10 18:17:34 2026] usb usb1: Manufacturer: Linux 6.12.75+rpt-rpi-2712 xhci-hcd
[Fri Apr 10 18:17:34 2026] usb usb1: SerialNumber: xhci-hcd.0
[Fri Apr 10 18:17:34 2026] hub 1-0:1.0: USB hub found
[Fri Apr 10 18:17:34 2026] hub 1-0:1.0: 2 ports detected
[Fri Apr 10 18:17:34 2026] usb usb2: New USB device found, idVendor=1d6b, idProduct=0003, bcdDevice= 6.12
[Fri Apr 10 18:17:34 2026] usb usb2: New USB device strings: Mfr=3, Product=2, SerialNumber=1
[Fri Apr 10 18:17:34 2026] usb usb2: Product: xHCI Host Controller
[Fri Apr 10 18:17:34 2026] usb usb2: Manufacturer: Linux 6.12.75+rpt-rpi-2712 xhci-hcd
[Fri Apr 10 18:17:34 2026] usb usb2: SerialNumber: xhci-hcd.0
[Fri Apr 10 18:17:34 2026] hub 2-0:1.0: USB hub found
[Fri Apr 10 18:17:34 2026] hub 2-0:1.0: 1 port detected
[Fri Apr 10 18:17:34 2026] xhci-hcd xhci-hcd.1: xHCI Host Controller
[Fri Apr 10 18:17:34 2026] xhci-hcd xhci-hcd.1: new USB bus registered, assigned bus number 3
[Fri Apr 10 18:17:34 2026] xhci-hcd xhci-hcd.1: hcc params 0x0240fe6d hci version 0x110 quirks 0x0000808000000810
[Fri Apr 10 18:17:34 2026] xhci-hcd xhci-hcd.1: irq 136, io mem 0x1f00300000
[Fri Apr 10 18:17:34 2026] xhci-hcd xhci-hcd.1: xHCI Host Controller
[Fri Apr 10 18:17:34 2026] xhci-hcd xhci-hcd.1: new USB bus registered, assigned bus number 4
[Fri Apr 10 18:17:34 2026] xhci-hcd xhci-hcd.1: Host supports USB 3.0 SuperSpeed
[Fri Apr 10 18:17:34 2026] usb usb3: New USB device found, idVendor=1d6b, idProduct=0002, bcdDevice= 6.12
[Fri Apr 10 18:17:34 2026] usb usb3: New USB device strings: Mfr=3, Product=2, SerialNumber=1
[Fri Apr 10 18:17:34 2026] usb usb3: Product: xHCI Host Controller
[Fri Apr 10 18:17:34 2026] usb usb3: Manufacturer: Linux 6.12.75+rpt-rpi-2712 xhci-hcd
[Fri Apr 10 18:17:34 2026] usb usb3: SerialNumber: xhci-hcd.1
[Fri Apr 10 18:17:34 2026] hub 3-0:1.0: USB hub found
[Fri Apr 10 18:17:34 2026] hub 3-0:1.0: 2 ports detected
[Fri Apr 10 18:17:34 2026] usb usb4: New USB device found, idVendor=1d6b, idProduct=0003, bcdDevice= 6.12
[Fri Apr 10 18:17:34 2026] usb usb4: New USB device strings: Mfr=3, Product=2, SerialNumber=1
[Fri Apr 10 18:17:34 2026] usb usb4: Product: xHCI Host Controller
[Fri Apr 10 18:17:34 2026] usb usb4: Manufacturer: Linux 6.12.75+rpt-rpi-2712 xhci-hcd
[Fri Apr 10 18:17:34 2026] usb usb4: SerialNumber: xhci-hcd.1
[Fri Apr 10 18:17:34 2026] hub 4-0:1.0: USB hub found
[Fri Apr 10 18:17:34 2026] hub 4-0:1.0: 1 port detected
[Fri Apr 10 18:17:34 2026] pl011-axi 1f00030000.serial: cts_event_workaround enabled
[Fri Apr 10 18:17:34 2026] 1f00030000.serial: ttyAMA0 at MMIO 0x1f00030000 (irq = 125, base_baud = 0) is a PL011 AXI
[Fri Apr 10 18:17:34 2026] of_cfs_init
[Fri Apr 10 18:17:34 2026] of_cfs_init: OK
[Fri Apr 10 18:17:34 2026] clk: Disabling unused clocks
[Fri Apr 10 18:17:34 2026] PM: genpd: Disabling unused power domains
[Fri Apr 10 18:17:34 2026] mmc0: SDHCI controller on 1000fff000.mmc [1000fff000.mmc] using ADMA 64-bit
[Fri Apr 10 18:17:34 2026] mmc0: new ultra high speed SDR104 SDHC card at address 0001
[Fri Apr 10 18:17:34 2026] mmcblk0: mmc0:0001 SD32G 29.2 GiB
[Fri Apr 10 18:17:34 2026]  mmcblk0: p1 p2
[Fri Apr 10 18:17:34 2026] mmcblk0: mmc0:0001 SD32G 29.2 GiB
[Fri Apr 10 18:17:34 2026] mmc1: SDHCI controller on 1001100000.mmc [1001100000.mmc] using ADMA 64-bit
[Fri Apr 10 18:17:34 2026] Freeing unused kernel memory: 2304K
[Fri Apr 10 18:17:34 2026] Run /init as init process
[Fri Apr 10 18:17:34 2026]   with arguments:
[Fri Apr 10 18:17:34 2026]     /init
[Fri Apr 10 18:17:34 2026]     splash
[Fri Apr 10 18:17:34 2026]   with environment:
[Fri Apr 10 18:17:34 2026]     HOME=/
[Fri Apr 10 18:17:34 2026]     TERM=linux
[Fri Apr 10 18:17:34 2026] mmc1: new ultra high speed DDR50 SDIO card at address 0001
[Fri Apr 10 18:17:34 2026] usb 3-1: new low-speed USB device number 2 using xhci-hcd
[Fri Apr 10 18:17:34 2026] usb 1-2: new low-speed USB device number 2 using xhci-hcd
[Fri Apr 10 18:17:34 2026] brcmstb-i2c 107d508200.i2c:  @97500hz registered in interrupt mode
[Fri Apr 10 18:17:34 2026] brcmstb-i2c 107d508280.i2c:  @97500hz registered in interrupt mode
[Fri Apr 10 18:17:34 2026] /axi/pcie@1000120000/rp1/csi@128000: Fixed dependency cycle(s) with /axi/pcie@1000120000/rp1/i2c@80000/imx500@1a
[Fri Apr 10 18:17:34 2026] /axi/pcie@1000120000/rp1/i2c@80000/imx500@1a: Fixed dependency cycle(s) with /axi/pcie@1000120000/rp1/csi@128000
[Fri Apr 10 18:17:34 2026] v3d 1002000000.v3d: [drm] Transparent Hugepage support is recommended for optimal performance on this platform!
[Fri Apr 10 18:17:34 2026] [drm] Initialized v3d 1.0.0 for 1002000000.v3d on minor 0
[Fri Apr 10 18:17:34 2026] vc4_hvs 107c580000.hvs: bcm2712_iommu_of_xlate: MMU 1000005200.iommu
[Fri Apr 10 18:17:34 2026] vc4_hvs 107c580000.hvs: bcm2712_iommu_probe_device: MMU 1000005200.iommu
[Fri Apr 10 18:17:34 2026] vc4_hvs 107c580000.hvs: bcm2712_iommu_device_group: MMU 1000005200.iommu
[Fri Apr 10 18:17:34 2026] vc4_hvs 107c580000.hvs: Adding to iommu group 1
[Fri Apr 10 18:17:34 2026] vc4_hvs 107c580000.hvs: bcm2712_iommu_attach_dev: MMU 1000005200.iommu
[Fri Apr 10 18:17:34 2026] vc4-drm axi:gpu: bcm2712_iommu_of_xlate: MMU 1000005200.iommu
[Fri Apr 10 18:17:34 2026] vc4-drm axi:gpu: bcm2712_iommu_probe_device: MMU 1000005200.iommu
[Fri Apr 10 18:17:34 2026] vc4-drm axi:gpu: bcm2712_iommu_device_group: MMU 1000005200.iommu
[Fri Apr 10 18:17:34 2026] vc4-drm axi:gpu: Adding to iommu group 1
[Fri Apr 10 18:17:34 2026] vc4-drm axi:gpu: bcm2712_iommu_attach_dev: MMU 1000005200.iommu
[Fri Apr 10 18:17:34 2026] Console: switching to colour dummy device 80x25
[Fri Apr 10 18:17:34 2026] vc4-drm axi:gpu: bound 107c580000.hvs (ops vc4_hvs_ops [vc4])
[Fri Apr 10 18:17:34 2026] Registered IR keymap rc-cec
[Fri Apr 10 18:17:34 2026] rc rc0: vc4-hdmi-0 as /devices/platform/soc@107c000000/107c701400.hdmi/rc/rc0
[Fri Apr 10 18:17:34 2026] input: vc4-hdmi-0 as /devices/platform/soc@107c000000/107c701400.hdmi/rc/rc0/input0
[Fri Apr 10 18:17:34 2026] input: vc4-hdmi-0 HDMI Jack as /devices/platform/soc@107c000000/107c701400.hdmi/sound/card0/input1
[Fri Apr 10 18:17:34 2026] vc4-drm axi:gpu: bound 107c701400.hdmi (ops vc4_hdmi_ops [vc4])
[Fri Apr 10 18:17:34 2026] Registered IR keymap rc-cec
[Fri Apr 10 18:17:34 2026] rc rc1: vc4-hdmi-1 as /devices/platform/soc@107c000000/107c706400.hdmi/rc/rc1
[Fri Apr 10 18:17:34 2026] input: vc4-hdmi-1 as /devices/platform/soc@107c000000/107c706400.hdmi/rc/rc1/input2
[Fri Apr 10 18:17:34 2026] input: vc4-hdmi-1 HDMI Jack as /devices/platform/soc@107c000000/107c706400.hdmi/sound/card1/input3
[Fri Apr 10 18:17:34 2026] vc4-drm axi:gpu: bound 107c706400.hdmi (ops vc4_hdmi_ops [vc4])
[Fri Apr 10 18:17:34 2026] vc4-drm axi:gpu: bound 107c500000.mop (ops vc4_txp_ops [vc4])
[Fri Apr 10 18:17:34 2026] vc4-drm axi:gpu: bound 107c501000.moplet (ops vc4_txp_ops [vc4])
[Fri Apr 10 18:17:34 2026] vc4-drm axi:gpu: bound 107c410000.pixelvalve (ops vc4_crtc_ops [vc4])
[Fri Apr 10 18:17:34 2026] vc4-drm axi:gpu: bound 107c411000.pixelvalve (ops vc4_crtc_ops [vc4])
[Fri Apr 10 18:17:35 2026] [drm] Initialized vc4 0.0.0 for axi:gpu on minor 1
[Fri Apr 10 18:17:35 2026] usb 1-2: New USB device found, idVendor=413c, idProduct=2107, bcdDevice= 1.04
[Fri Apr 10 18:17:35 2026] usb 1-2: New USB device strings: Mfr=1, Product=2, SerialNumber=0
[Fri Apr 10 18:17:35 2026] usb 1-2: Product: Dell USB Entry Keyboard
[Fri Apr 10 18:17:35 2026] usb 1-2: Manufacturer: DELL
[Fri Apr 10 18:17:35 2026] usb 3-1: New USB device found, idVendor=413c, idProduct=301a, bcdDevice= 1.00
[Fri Apr 10 18:17:35 2026] usb 3-1: New USB device strings: Mfr=1, Product=2, SerialNumber=0
[Fri Apr 10 18:17:35 2026] usb 3-1: Product: Dell MS116 USB Optical Mouse
[Fri Apr 10 18:17:35 2026] usb 3-1: Manufacturer: PixArt
[Fri Apr 10 18:17:35 2026] input: PixArt Dell MS116 USB Optical Mouse as /devices/platform/axi/1000120000.pcie/1f00300000.usb/xhci-hcd.1/usb3/3-1/3-1:1.0/0003:413C:301A.0001/input/input4
[Fri Apr 10 18:17:35 2026] hid-generic 0003:413C:301A.0001: input,hidraw0: USB HID v1.11 Mouse [PixArt Dell MS116 USB Optical Mouse] on usb-xhci-hcd.1-1/input0
[Fri Apr 10 18:17:35 2026] input: DELL Dell USB Entry Keyboard as /devices/platform/axi/1000120000.pcie/1f00200000.usb/xhci-hcd.0/usb1/1-2/1-2:1.0/0003:413C:2107.0002/input/input5
[Fri Apr 10 18:17:35 2026] Console: switching to colour frame buffer device 240x67
[Fri Apr 10 18:17:35 2026] vc4-drm axi:gpu: [drm] fb0: vc4drmfb frame buffer device
[Fri Apr 10 18:17:35 2026] hid-generic 0003:413C:2107.0002: input,hidraw1: USB HID v1.11 Keyboard [DELL Dell USB Entry Keyboard] on usb-xhci-hcd.0-2/input0
[Fri Apr 10 18:17:35 2026] rp2040-gpio-bridge 11-0040: rp2040_gbdg_probe() found dev ID: 303c22e7325064eb, fw ver. 15
[Fri Apr 10 18:17:36 2026] EXT4-fs (mmcblk0p2): orphan cleanup on readonly fs
[Fri Apr 10 18:17:36 2026] EXT4-fs (mmcblk0p2): mounted filesystem d6944274-f2f7-4644-96a4-213c3b367f5c ro with ordered data mode. Quota mode: none.
[Fri Apr 10 18:17:36 2026] systemd[1]: System time advanced to timestamp on /var/lib/systemd/timesync/clock: Fri 2026-04-10 18:14:48 EDT
[Fri Apr 10 18:17:36 2026] NET: Registered PF_INET6 protocol family
[Fri Apr 10 18:17:36 2026] Segment Routing with IPv6
[Fri Apr 10 18:17:36 2026] In-situ OAM (IOAM) with IPv6
[Fri Apr 10 18:17:36 2026] systemd[1]: systemd 257.9-1~deb13u1 running in system mode (+PAM +AUDIT +SELINUX +APPARMOR +IMA +IPE +SMACK +SECCOMP +GCRYPT -GNUTLS +OPENSSL +ACL +BLKID +CURL +ELFUTILS +FIDO2 +IDN2 -IDN +IPTC +KMOD +LIBCRYPTSETUP +LIBCRYPTSETUP_PLUGINS +LIBFDISK +PCRE2 +PWQUALITY +P11KIT +QRENCODE +TPM2 +BZIP2 +LZ4 +XZ +ZLIB +ZSTD +BPF_FRAMEWORK +BTF -XKBCOMMON -UTMP +SYSVINIT +LIBARCHIVE)
[Fri Apr 10 18:17:36 2026] systemd[1]: Detected architecture arm64.
[Fri Apr 10 18:17:36 2026] systemd[1]: Hostname set to <raspberrypi>.
[Fri Apr 10 18:17:36 2026] systemd[1]: bpf-restrict-fs: BPF LSM hook not enabled in the kernel, BPF LSM not supported.
[Fri Apr 10 18:17:36 2026] systemd[1]: Using hardware watchdog 'Broadcom BCM2835 Watchdog timer', version 0, device /dev/watchdog0
[Fri Apr 10 18:17:36 2026] systemd[1]: Watchdog running with a hardware timeout of 1min.
[Fri Apr 10 18:17:36 2026] zram_generator::config[269]: zram0: system has too much memory (16214MB), limit is 0MB, ignoring.
[Fri Apr 10 18:17:37 2026] systemd[1]: Queued start job for default target graphical.target.
[Fri Apr 10 18:17:37 2026] systemd[1]: Created slice system-getty.slice - Slice /system/getty.
[Fri Apr 10 18:17:37 2026] systemd[1]: Created slice system-modprobe.slice - Slice /system/modprobe.
[Fri Apr 10 18:17:37 2026] systemd[1]: Created slice system-rpi\x2dsetup\x2dloop.slice - Slice /system/rpi-setup-loop.
[Fri Apr 10 18:17:37 2026] systemd[1]: Created slice system-systemd\x2dfsck.slice - Slice /system/systemd-fsck.
[Fri Apr 10 18:17:37 2026] systemd[1]: Created slice system-systemd\x2dzram\x2dsetup.slice - Slice /system/systemd-zram-setup.
[Fri Apr 10 18:17:37 2026] systemd[1]: Created slice user.slice - User and Session Slice.
[Fri Apr 10 18:17:37 2026] systemd[1]: Started systemd-ask-password-wall.path - Forward Password Requests to Wall Directory Watch.
[Fri Apr 10 18:17:37 2026] systemd[1]: Set up automount proc-sys-fs-binfmt_misc.automount - Arbitrary Executable File Formats File System Automount Point.
[Fri Apr 10 18:17:37 2026] systemd[1]: Expecting device dev-disk-by\x2dpartuuid-694385ac\x2d01.device - /dev/disk/by-partuuid/694385ac-01...
[Fri Apr 10 18:17:37 2026] systemd[1]: Expecting device dev-dri-card0.device - /dev/dri/card0...
[Fri Apr 10 18:17:37 2026] systemd[1]: Expecting device dev-dri-renderD128.device - /dev/dri/renderD128...
[Fri Apr 10 18:17:37 2026] systemd[1]: Expecting device dev-zram0.device - /dev/zram0...
[Fri Apr 10 18:17:37 2026] systemd[1]: Reached target nss-user-lookup.target - User and Group Name Lookups.
[Fri Apr 10 18:17:37 2026] systemd[1]: Reached target slices.target - Slice Units.
[Fri Apr 10 18:17:37 2026] systemd[1]: Listening on rpcbind.socket - RPCbind Server Activation Socket.
[Fri Apr 10 18:17:37 2026] systemd[1]: Listening on systemd-creds.socket - Credential Encryption/Decryption.
[Fri Apr 10 18:17:37 2026] systemd[1]: Listening on systemd-initctl.socket - initctl Compatibility Named Pipe.
[Fri Apr 10 18:17:37 2026] systemd[1]: Listening on systemd-journald-dev-log.socket - Journal Socket (/dev/log).
[Fri Apr 10 18:17:37 2026] systemd[1]: Listening on systemd-journald.socket - Journal Sockets.
[Fri Apr 10 18:17:37 2026] systemd[1]: systemd-pcrextend.socket - TPM PCR Measurements was skipped because of an unmet condition check (ConditionSecurity=measured-uki).
[Fri Apr 10 18:17:37 2026] systemd[1]: systemd-pcrlock.socket - Make TPM PCR Policy was skipped because of an unmet condition check (ConditionSecurity=measured-uki).
[Fri Apr 10 18:17:37 2026] systemd[1]: Listening on systemd-udevd-control.socket - udev Control Socket.
[Fri Apr 10 18:17:37 2026] systemd[1]: Listening on systemd-udevd-kernel.socket - udev Kernel Socket.
[Fri Apr 10 18:17:37 2026] systemd[1]: dev-hugepages.mount - Huge Pages File System was skipped because of an unmet condition check (ConditionPathExists=/sys/kernel/mm/hugepages).
[Fri Apr 10 18:17:37 2026] systemd[1]: Mounting dev-mqueue.mount - POSIX Message Queue File System...
[Fri Apr 10 18:17:37 2026] systemd[1]: Mounting run-lock.mount - Legacy Locks Directory /run/lock...
[Fri Apr 10 18:17:37 2026] systemd[1]: Mounting sys-kernel-debug.mount - Kernel Debug File System...
[Fri Apr 10 18:17:37 2026] systemd[1]: Mounting sys-kernel-tracing.mount - Kernel Trace File System...
[Fri Apr 10 18:17:37 2026] systemd[1]: auth-rpcgss-module.service - Kernel Module supporting RPCSEC_GSS was skipped because of an unmet condition check (ConditionPathExists=/etc/krb5.keytab).
[Fri Apr 10 18:17:37 2026] systemd[1]: Starting keyboard-setup.service - Set the console keyboard layout...
[Fri Apr 10 18:17:37 2026] systemd[1]: Starting kmod-static-nodes.service - Create List of Static Device Nodes...
[Fri Apr 10 18:17:37 2026] systemd[1]: Starting modprobe@configfs.service - Load Kernel Module configfs...
[Fri Apr 10 18:17:37 2026] systemd[1]: Starting modprobe@drm.service - Load Kernel Module drm...
[Fri Apr 10 18:17:37 2026] systemd[1]: Starting modprobe@efi_pstore.service - Load Kernel Module efi_pstore...
[Fri Apr 10 18:17:37 2026] systemd[1]: Starting modprobe@fuse.service - Load Kernel Module fuse...
[Fri Apr 10 18:17:37 2026] systemd[1]: systemd-fsck-root.service - File System Check on Root Device was skipped because of an unmet condition check (ConditionPathExists=!/run/initramfs/fsck-root).
[Fri Apr 10 18:17:37 2026] systemd[1]: systemd-hibernate-clear.service - Clear Stale Hibernate Storage Info was skipped because of an unmet condition check (ConditionPathExists=/sys/firmware/efi/efivars/HibernateLocation-8cf2644b-4b0b-428f-9387-6d876050dc67).
[Fri Apr 10 18:17:37 2026] systemd[1]: Starting systemd-journald.service - Journal Service...
[Fri Apr 10 18:17:37 2026] systemd[1]: Starting systemd-modules-load.service - Load Kernel Modules...
[Fri Apr 10 18:17:37 2026] systemd[1]: systemd-pcrmachine.service - TPM PCR Machine ID Measurement was skipped because of an unmet condition check (ConditionSecurity=measured-uki).
[Fri Apr 10 18:17:37 2026] systemd[1]: Starting systemd-remount-fs.service - Remount Root and Kernel File Systems...
[Fri Apr 10 18:17:37 2026] systemd[1]: systemd-tpm2-setup-early.service - Early TPM SRK Setup was skipped because of an unmet condition check (ConditionSecurity=measured-uki).
[Fri Apr 10 18:17:37 2026] systemd[1]: Starting systemd-udev-load-credentials.service - Load udev Rules from Credentials...
[Fri Apr 10 18:17:37 2026] systemd[1]: Starting systemd-udev-trigger.service - Coldplug All udev Devices...
[Fri Apr 10 18:17:37 2026] systemd[1]: Mounted dev-mqueue.mount - POSIX Message Queue File System.
[Fri Apr 10 18:17:37 2026] systemd[1]: Mounted run-lock.mount - Legacy Locks Directory /run/lock.
[Fri Apr 10 18:17:37 2026] systemd[1]: Mounted sys-kernel-debug.mount - Kernel Debug File System.
[Fri Apr 10 18:17:37 2026] systemd[1]: Mounted sys-kernel-tracing.mount - Kernel Trace File System.
[Fri Apr 10 18:17:37 2026] fuse: init (API version 7.41)
[Fri Apr 10 18:17:37 2026] systemd[1]: Finished kmod-static-nodes.service - Create List of Static Device Nodes.
[Fri Apr 10 18:17:37 2026] systemd[1]: modprobe@configfs.service: Deactivated successfully.
[Fri Apr 10 18:17:37 2026] systemd[1]: Finished modprobe@configfs.service - Load Kernel Module configfs.
[Fri Apr 10 18:17:37 2026] systemd[1]: modprobe@drm.service: Deactivated successfully.
[Fri Apr 10 18:17:37 2026] systemd[1]: Finished modprobe@drm.service - Load Kernel Module drm.
[Fri Apr 10 18:17:37 2026] systemd[1]: modprobe@efi_pstore.service: Deactivated successfully.
[Fri Apr 10 18:17:37 2026] systemd[1]: Finished modprobe@efi_pstore.service - Load Kernel Module efi_pstore.
[Fri Apr 10 18:17:37 2026] systemd[1]: modprobe@fuse.service: Deactivated successfully.
[Fri Apr 10 18:17:37 2026] systemd[1]: Finished modprobe@fuse.service - Load Kernel Module fuse.
[Fri Apr 10 18:17:37 2026] systemd[1]: Mounting sys-fs-fuse-connections.mount - FUSE Control File System...
[Fri Apr 10 18:17:37 2026] systemd[1]: Mounting sys-kernel-config.mount - Kernel Configuration File System...
[Fri Apr 10 18:17:37 2026] systemd[1]: Starting systemd-tmpfiles-setup-dev-early.service - Create Static Device Nodes in /dev gracefully...
[Fri Apr 10 18:17:37 2026] systemd[1]: Mounted sys-fs-fuse-connections.mount - FUSE Control File System.
[Fri Apr 10 18:17:37 2026] systemd[1]: Mounted sys-kernel-config.mount - Kernel Configuration File System.
[Fri Apr 10 18:17:37 2026] EXT4-fs (mmcblk0p2): re-mounted d6944274-f2f7-4644-96a4-213c3b367f5c r/w.
[Fri Apr 10 18:17:37 2026] systemd[1]: Finished systemd-remount-fs.service - Remount Root and Kernel File Systems.
[Fri Apr 10 18:17:37 2026] systemd[1]: regenerate_ssh_host_keys.service - Regenerate SSH host keys was skipped because of an unmet condition check (ConditionFirstBoot=yes).
[Fri Apr 10 18:17:37 2026] systemd[1]: Starting rpi-resize-swap-file.service - rpi-resize-var-swap-service - resize swapfile...
[Fri Apr 10 18:17:37 2026] systemd[1]: systemd-hwdb-update.service - Rebuild Hardware Database was skipped because of an unmet condition check (ConditionNeedsUpdate=/etc).
[Fri Apr 10 18:17:37 2026] systemd[1]: systemd-pstore.service - Platform Persistent Storage Archival was skipped because of an unmet condition check (ConditionDirectoryNotEmpty=/sys/fs/pstore).
[Fri Apr 10 18:17:37 2026] systemd[1]: Starting systemd-random-seed.service - Load/Save OS Random Seed...
[Fri Apr 10 18:17:37 2026] systemd[1]: systemd-tpm2-setup.service - TPM SRK Setup was skipped because of an unmet condition check (ConditionSecurity=measured-uki).
[Fri Apr 10 18:17:37 2026] systemd[1]: Finished systemd-udev-load-credentials.service - Load udev Rules from Credentials.
[Fri Apr 10 18:17:37 2026] systemd-journald[348]: Collecting audit messages is disabled.
[Fri Apr 10 18:17:37 2026] zram: Added device: zram0
[Fri Apr 10 18:17:37 2026] systemd[1]: Finished keyboard-setup.service - Set the console keyboard layout.
[Fri Apr 10 18:17:37 2026] i2c_dev: i2c /dev entries driver
[Fri Apr 10 18:17:37 2026] systemd[1]: Started systemd-journald.service - Journal Service.
[Fri Apr 10 18:17:37 2026] systemd-journald[348]: Received client request to flush runtime journal.
[Fri Apr 10 18:17:37 2026] loop0: detected capacity change from 0 to 4194304
[Fri Apr 10 18:17:37 2026] zram: setup backing device /dev/disk/by-backingfile/var-swap
[Fri Apr 10 18:17:37 2026] zram0: detected capacity change from 0 to 4194304
[Fri Apr 10 18:17:37 2026] Adding 2097136k swap on /dev/zram0.  Priority:100 extents:1 across:2097136k SS
[Fri Apr 10 18:17:37 2026] rpi-gpiomem 107d508500.gpiomem: window base 0x107d508500 size 0x00000040
[Fri Apr 10 18:17:37 2026] rpi-gpiomem 107d508500.gpiomem: initialised 1 regions as /dev/gpiomem1
[Fri Apr 10 18:17:37 2026] rpi-gpiomem 107d517c00.gpiomem: window base 0x107d517c00 size 0x00000040
[Fri Apr 10 18:17:37 2026] rpi-gpiomem 107d517c00.gpiomem: initialised 1 regions as /dev/gpiomem2
[Fri Apr 10 18:17:37 2026] rpi-gpiomem 107d504100.gpiomem: window base 0x107d504100 size 0x00000020
[Fri Apr 10 18:17:37 2026] rpi-gpiomem 107d504100.gpiomem: initialised 1 regions as /dev/gpiomem3
[Fri Apr 10 18:17:37 2026] rpi-gpiomem 107d510700.gpiomem: window base 0x107d510700 size 0x00000020
[Fri Apr 10 18:17:37 2026] rpi-gpiomem 107d510700.gpiomem: initialised 1 regions as /dev/gpiomem4
[Fri Apr 10 18:17:37 2026] rpi-gpiomem 1f000d0000.gpiomem: window base 0x1f000d0000 size 0x00030000
[Fri Apr 10 18:17:37 2026] rpi-gpiomem 1f000d0000.gpiomem: initialised 1 regions as /dev/gpiomem0
[Fri Apr 10 18:17:37 2026] rp1-firmware rp1_firmware: RP1 Firmware version eb39cfd516f8c90628aa9d91f52370aade5d0a55
[Fri Apr 10 18:17:38 2026] rp1-pio 1f00178000.pio: Created instance as pio0
[Fri Apr 10 18:17:38 2026] mc: Linux media interface: v0.10
[Fri Apr 10 18:17:38 2026] input: pwr_button as /devices/platform/pwr_button/input/input6
[Fri Apr 10 18:17:38 2026] videodev: Linux video capture interface: v2.00
[Fri Apr 10 18:17:38 2026] rp1-cfe 1f00128000.csi: bcm2712_iommu_of_xlate: MMU 1000005280.iommu
[Fri Apr 10 18:17:38 2026] rp1-cfe 1f00128000.csi: bcm2712_iommu_probe_device: MMU 1000005280.iommu
[Fri Apr 10 18:17:38 2026] rp1-cfe 1f00128000.csi: bcm2712_iommu_device_group: MMU 1000005280.iommu
[Fri Apr 10 18:17:38 2026] rp1-cfe 1f00128000.csi: Adding to iommu group 2
[Fri Apr 10 18:17:38 2026] rp1-cfe 1f00128000.csi: bcm2712_iommu_attach_dev: MMU 1000005280.iommu
[Fri Apr 10 18:17:38 2026] rp1-cfe 1f00128000.csi: DW dphy Host HW v1.20
[Fri Apr 10 18:17:38 2026] rp1-cfe 1f00128000.csi: PiSP FE HW v0.1
[Fri Apr 10 18:17:38 2026] rp1-cfe 1f00128000.csi: found subdevice /axi/pcie@1000120000/rp1/i2c@80000/imx500@1a
[Fri Apr 10 18:17:38 2026] pispbe 1000880000.pisp_be: bcm2712_iommu_of_xlate: MMU 1000005100.iommu
[Fri Apr 10 18:17:38 2026] pispbe 1000880000.pisp_be: bcm2712_iommu_probe_device: MMU 1000005100.iommu
[Fri Apr 10 18:17:38 2026] pispbe 1000880000.pisp_be: bcm2712_iommu_device_group: MMU 1000005100.iommu
[Fri Apr 10 18:17:38 2026] pispbe 1000880000.pisp_be: Adding to iommu group 0
[Fri Apr 10 18:17:38 2026] pispbe 1000880000.pisp_be: bcm2712_iommu_attach_dev: MMU 1000005100.iommu
[Fri Apr 10 18:17:38 2026] rpi-hevc-dec 1000800000.codec: bcm2712_iommu_of_xlate: MMU 1000005100.iommu
[Fri Apr 10 18:17:38 2026] rpi-hevc-dec 1000800000.codec: bcm2712_iommu_probe_device: MMU 1000005100.iommu
[Fri Apr 10 18:17:38 2026] rpi-hevc-dec 1000800000.codec: bcm2712_iommu_device_group: MMU 1000005100.iommu
[Fri Apr 10 18:17:38 2026] rpi-hevc-dec 1000800000.codec: Adding to iommu group 0
[Fri Apr 10 18:17:38 2026] rpi-hevc-dec 1000800000.codec: bcm2712_iommu_attach_dev: MMU 1000005100.iommu
[Fri Apr 10 18:17:38 2026] rpi-hevc-dec 1000800000.codec: Device registered as /dev/video19
[Fri Apr 10 18:17:38 2026] Bluetooth: Core ver 2.22
[Fri Apr 10 18:17:38 2026] NET: Registered PF_BLUETOOTH protocol family
[Fri Apr 10 18:17:38 2026] Bluetooth: HCI device and connection manager initialized
[Fri Apr 10 18:17:38 2026] Bluetooth: HCI socket layer initialized
[Fri Apr 10 18:17:38 2026] Bluetooth: L2CAP socket layer initialized
[Fri Apr 10 18:17:38 2026] Bluetooth: SCO socket layer initialized
[Fri Apr 10 18:17:38 2026] Bluetooth: HCI UART driver ver 2.3
[Fri Apr 10 18:17:38 2026] Bluetooth: HCI UART protocol H4 registered
[Fri Apr 10 18:17:38 2026] Bluetooth: HCI UART protocol Three-wire (H5) registered
[Fri Apr 10 18:17:38 2026] hci_uart_bcm serial0-0: supply vbat not found, using dummy regulator
[Fri Apr 10 18:17:38 2026] hci_uart_bcm serial0-0: supply vddio not found, using dummy regulator
[Fri Apr 10 18:17:38 2026] Bluetooth: HCI UART protocol Broadcom registered
[Fri Apr 10 18:17:38 2026] cfg80211: Loading compiled-in X.509 certificates for regulatory database
[Fri Apr 10 18:17:38 2026] Loaded X.509 cert 'benh@debian.org: 577e021cb980e0e820821ba7b54b4961b8b4fadf'
[Fri Apr 10 18:17:38 2026] Loaded X.509 cert 'romain.perier@gmail.com: 3abbc6ec146e09d1b6016ab9d6cf71dd233f0328'
[Fri Apr 10 18:17:38 2026] Loaded X.509 cert 'sforshee: 00b28ddf47aef9cea7'
[Fri Apr 10 18:17:38 2026] Loaded X.509 cert 'wens: 61c038651aabdcf94bd0ac7ff06c7248db18c600'
[Fri Apr 10 18:17:38 2026] brcmfmac: F1 signature read @0x18000000=0x15264345
[Fri Apr 10 18:17:38 2026] brcmfmac: brcmf_fw_alloc_request: using brcm/brcmfmac43455-sdio for chip BCM4345/6
[Fri Apr 10 18:17:38 2026] usbcore: registered new interface driver brcmfmac
[Fri Apr 10 18:17:38 2026] imx500 11-001a: Device found is imx500
[Fri Apr 10 18:17:38 2026] rp1-cfe 1f00128000.csi: Using sensor imx500 11-001a for capture
[Fri Apr 10 18:17:38 2026] rp1-cfe 1f00128000.csi: Registered [rp1-cfe-csi2_ch0] node id 0 successfully as /dev/video0
[Fri Apr 10 18:17:38 2026] rp1-cfe 1f00128000.csi: Registered [rp1-cfe-embedded] node id 1 successfully as /dev/video1
[Fri Apr 10 18:17:38 2026] rp1-cfe 1f00128000.csi: Registered [rp1-cfe-csi2_ch2] node id 2 successfully as /dev/video2
[Fri Apr 10 18:17:38 2026] rp1-cfe 1f00128000.csi: Registered [rp1-cfe-csi2_ch3] node id 3 successfully as /dev/video3
[Fri Apr 10 18:17:38 2026] rp1-cfe 1f00128000.csi: Registered [rp1-cfe-fe_image0] node id 4 successfully as /dev/video4
[Fri Apr 10 18:17:38 2026] rp1-cfe 1f00128000.csi: Registered [rp1-cfe-fe_image1] node id 5 successfully as /dev/video5
[Fri Apr 10 18:17:38 2026] rp1-cfe 1f00128000.csi: Registered [rp1-cfe-fe_stats] node id 6 successfully as /dev/video6
[Fri Apr 10 18:17:38 2026] rp1-cfe 1f00128000.csi: Registered [rp1-cfe-fe_config] node id 7 successfully as /dev/video7
[Fri Apr 10 18:17:38 2026] Bluetooth: hci0: BCM: chip id 107
[Fri Apr 10 18:17:38 2026] Bluetooth: hci0: BCM: features 0x2f
[Fri Apr 10 18:17:38 2026] Bluetooth: hci0: BCM4345C0
[Fri Apr 10 18:17:38 2026] Bluetooth: hci0: BCM4345C0 (003.001.025) build 0000
[Fri Apr 10 18:17:38 2026] Bluetooth: hci0: BCM4345C0 'brcm/BCM4345C0.raspberrypi,5-model-b.hcd' Patch
[Fri Apr 10 18:17:38 2026] brcmfmac: brcmf_c_process_txcap_blob: no txcap_blob available (err=-2)
[Fri Apr 10 18:17:38 2026] brcmfmac: brcmf_c_preinit_dcmds: Firmware: BCM4345/6 wl0: Aug 29 2023 01:47:08 version 7.45.265 (28bca26 CY) FWID 01-b677b91b
[Fri Apr 10 18:17:39 2026] Bluetooth: hci0: BCM: features 0x2f
[Fri Apr 10 18:17:39 2026] Bluetooth: hci0: BCM43455 37.4MHz Raspberry Pi 3+-0190
[Fri Apr 10 18:17:39 2026] Bluetooth: hci0: BCM4345C0 (003.001.025) build 0382
[Fri Apr 10 18:17:39 2026] Bluetooth: hci0: BCM: Using default device address (43:45:c0:00:1f:ac)
[Fri Apr 10 18:17:40 2026] Bluetooth: BNEP (Ethernet Emulation) ver 1.3
[Fri Apr 10 18:17:40 2026] Bluetooth: BNEP filters: protocol multicast
[Fri Apr 10 18:17:40 2026] Bluetooth: BNEP socket layer initialized
[Fri Apr 10 18:17:40 2026] Bluetooth: MGMT ver 1.23
[Fri Apr 10 18:17:40 2026] NET: Registered PF_ALG protocol family
[Fri Apr 10 18:17:40 2026] Bluetooth: RFCOMM TTY layer initialized
[Fri Apr 10 18:17:40 2026] Bluetooth: RFCOMM socket layer initialized
[Fri Apr 10 18:17:40 2026] Bluetooth: RFCOMM ver 1.11
[Fri Apr 10 18:17:41 2026] macb 1f00100000.ethernet eth0: PHY [1f00100000.ethernet-ffffffff:01] driver [Broadcom BCM54213PE] (irq=POLL)
[Fri Apr 10 18:17:41 2026] macb 1f00100000.ethernet eth0: configuring for phy/rgmii-id link mode
[Fri Apr 10 18:17:41 2026] macb 1f00100000.ethernet: gem-ptp-timer ptp clock registered.
[Fri Apr 10 18:17:41 2026] brcmfmac: brcmf_cfg80211_set_power_mgmt: power save enabled

